info: Microsoft.EntityFrameworkCore.Database.Command[20101]
      Executed DbCommand (12ms) [Parameters=[], CommandType='Text', CommandTimeout='30']
      SELECT COUNT(*) FROM "sqlite_master" WHERE "type" = 'table' AND "rootpage" IS NOT NULL;
info: Microsoft.EntityFrameworkCore.Database.Command[20101]
      Executed DbCommand (2ms) [Parameters=[], CommandType='Text', CommandTimeout='30']
      SELECT EXISTS (
          SELECT 1
          FROM "Users" AS "u")
info: Microsoft.Hosting.Lifetime[14]
      Now listening on: http://localhost:5000
info: Microsoft.Hosting.Lifetime[0]
      Application started. Press Ctrl+C to shut down.
info: Microsoft.Hosting.Lifetime[0]
      Hosting environment: Production
info: Microsoft.Hosting.Lifetime[0]
      Content root path: D:\New folder (3)\src\AlNeda.API
info: Microsoft.EntityFrameworkCore.Database.Command[20101]
      Executed DbCommand (1ms) [Parameters=[], CommandType='Text', CommandTimeout='30']
      SELECT "u"."Id", "u"."CreatedAt", "u"."IsActive", "u"."Password", "u"."PasswordSalt", "u"."Role", "u"."Username"
      FROM "Users" AS "u"
      WHERE lower("u"."Username") = 'admin'
      LIMIT 1
info: Microsoft.EntityFrameworkCore.Database.Command[20101]
      Executed DbCommand (6ms) [Parameters=[@__ToLower_0='?' (Size = 5)], CommandType='Text', CommandTimeout='30']
      SELECT "u"."Id", "u"."CreatedAt", "u"."IsActive", "u"."Password", "u"."PasswordSalt", "u"."Role", "u"."Username"
      FROM "Users" AS "u"
      WHERE lower("u"."Username") = @__ToLower_0
      LIMIT 1
