2026-05-07 16:11:42.233 +03:00 [INF] AlNeda Admin starting up
2026-05-07 16:15:19.135 +03:00 [INF] AlNeda Admin starting up
2026-05-07 16:16:47.467 +03:00 [INF] AlNeda Admin starting up
2026-05-07 21:29:02.920 +03:00 [INF] AlNeda Admin starting up
2026-05-07 21:29:02.968 +03:00 [INF] Using database at: D:\New folder (3)\pharmacy.db
2026-05-07 21:29:15.896 +03:00 [INF] User logged in: admin (admin)
2026-05-07 21:35:30.240 +03:00 [INF] AlNeda Admin starting up
2026-05-07 21:35:30.288 +03:00 [INF] Using database at: D:\New folder (3)\pharmacy.db
2026-05-07 21:35:32.384 +03:00 [INF] User logged in: admin (admin)
2026-05-07 21:39:03.623 +03:00 [INF] AlNeda Admin starting up
2026-05-07 21:39:03.672 +03:00 [INF] Using database at: D:\New folder (3)\pharmacy.db
2026-05-07 21:39:07.524 +03:00 [INF] User logged in: admin (admin)
2026-05-07 21:46:23.952 +03:00 [INF] AlNeda Admin starting up
2026-05-07 21:46:24.000 +03:00 [INF] Using database at: D:\New folder (3)\pharmacy.db
2026-05-07 21:46:31.547 +03:00 [INF] User logged in: admin (admin)
2026-05-07 21:52:09.911 +03:00 [INF] AlNeda Admin starting up
2026-05-07 21:52:09.959 +03:00 [INF] Using database at: D:\New folder (3)\pharmacy.db
2026-05-07 21:52:13.155 +03:00 [INF] User logged in: admin (admin)
2026-05-07 21:58:07.756 +03:00 [INF] AlNeda Admin starting up
2026-05-07 21:58:07.805 +03:00 [INF] Using database at: D:\New folder (3)\pharmacy.db
2026-05-07 21:58:31.195 +03:00 [INF] User logged in: admin (admin)
2026-05-07 22:03:46.725 +03:00 [INF] AlNeda Admin starting up
2026-05-07 22:03:46.771 +03:00 [INF] Using database at: D:\New folder (3)\pharmacy.db
2026-05-07 22:03:57.323 +03:00 [INF] User logged in: admin (admin)
2026-05-07 22:36:12.642 +03:00 [INF] AlNeda Admin starting up
2026-05-07 22:36:12.688 +03:00 [INF] Using database at: D:\New folder (3)\pharmacy.db
2026-05-07 22:36:18.969 +03:00 [INF] User logged in: admin (admin)
2026-05-07 22:49:20.763 +03:00 [INF] AlNeda Admin starting up
2026-05-07 22:49:20.813 +03:00 [INF] Using database at: D:\New folder (3)\pharmacy.db
2026-05-07 22:49:23.233 +03:00 [INF] User logged in: admin (admin)
2026-05-07 22:49:25.553 +03:00 [INF] Navigating to: products
2026-05-07 22:49:31.296 +03:00 [INF] Navigating to: categories
2026-05-07 22:49:39.367 +03:00 [INF] Navigating to: suppliers
2026-05-07 22:49:52.247 +03:00 [INF] Navigating to: products
2026-05-07 22:55:13.746 +03:00 [INF] AlNeda Admin starting up
2026-05-07 22:55:13.792 +03:00 [INF] Using database at: D:\New folder (3)\pharmacy.db
2026-05-07 22:55:16.257 +03:00 [INF] User logged in: admin (admin)
2026-05-07 22:55:21.193 +03:00 [INF] Navigating to: products
2026-05-07 23:01:08.807 +03:00 [INF] AlNeda Admin starting up
2026-05-07 23:01:08.853 +03:00 [INF] Using database at: D:\New folder (3)\pharmacy.db
2026-05-07 23:01:11.690 +03:00 [INF] User logged in: admin (admin)
2026-05-07 23:01:13.281 +03:00 [INF] Navigating to: products
2026-05-07 23:01:13.617 +03:00 [INF] Navigating to: products
2026-05-07 23:01:27.008 +03:00 [INF] Navigating to: categories
