2026-05-07 15:38:34.732 +03:00 [INF] AlNeda Admin starting up
2026-05-07 15:38:54.879 +03:00 [ERR] Login failed
Microsoft.Data.Sqlite.SqliteException (0x80004005): SQLite Error 1: 'no such table: Users'.
   at Microsoft.Data.Sqlite.SqliteException.ThrowExceptionForRC(Int32 rc, sqlite3 db)
   at Microsoft.Data.Sqlite.SqliteCommand.PrepareAndEnumerateStatements()+MoveNext()
   at Microsoft.Data.Sqlite.SqliteCommand.GetStatements()+MoveNext()
   at Microsoft.Data.Sqlite.SqliteDataReader.NextResult()
   at Microsoft.Data.Sqlite.SqliteCommand.ExecuteReader(CommandBehavior behavior)
   at Microsoft.Data.Sqlite.SqliteCommand.ExecuteReaderAsync(CommandBehavior behavior, CancellationToken cancellationToken)
   at Microsoft.Data.Sqlite.SqliteCommand.ExecuteDbDataReaderAsync(CommandBehavior behavior, CancellationToken cancellationToken)
   at Microsoft.EntityFrameworkCore.Storage.RelationalCommand.ExecuteReaderAsync(RelationalCommandParameterObject parameterObject, CancellationToken cancellationToken)
   at Microsoft.EntityFrameworkCore.Storage.RelationalCommand.ExecuteReaderAsync(RelationalCommandParameterObject parameterObject, CancellationToken cancellationToken)
   at Microsoft.EntityFrameworkCore.Query.Internal.SingleQueryingEnumerable`1.AsyncEnumerator.InitializeReaderAsync(AsyncEnumerator enumerator, CancellationToken cancellationToken)
   at Microsoft.EntityFrameworkCore.Query.Internal.SingleQueryingEnumerable`1.AsyncEnumerator.MoveNextAsync()
   at Microsoft.EntityFrameworkCore.Query.ShapedQueryCompilingExpressionVisitor.SingleOrDefaultAsync[TSource](IAsyncEnumerable`1 asyncEnumerable, CancellationToken cancellationToken)
   at Microsoft.EntityFrameworkCore.Query.ShapedQueryCompilingExpressionVisitor.SingleOrDefaultAsync[TSource](IAsyncEnumerable`1 asyncEnumerable, CancellationToken cancellationToken)
   at AlNeda.Services.AuthService.LoginAsync(String username, String password) in D:\New folder (3)\src\AlNeda.Services\AuthService.cs:line 20
   at AlNeda.Services.AuthService.LoginAsync(String username, String password) in D:\New folder (3)\src\AlNeda.Services\AuthService.cs:line 33
   at AlNeda.Admin.ViewModels.LoginViewModel.LoginAsync() in D:\New folder (3)\src\AlNeda.Admin\ViewModels\LoginViewModel.cs:line 54
2026-05-07 15:38:57.771 +03:00 [ERR] Login failed
Microsoft.Data.Sqlite.SqliteException (0x80004005): SQLite Error 1: 'no such table: Users'.
   at Microsoft.Data.Sqlite.SqliteException.ThrowExceptionForRC(Int32 rc, sqlite3 db)
   at Microsoft.Data.Sqlite.SqliteCommand.PrepareAndEnumerateStatements()+MoveNext()
   at Microsoft.Data.Sqlite.SqliteCommand.GetStatements()+MoveNext()
   at Microsoft.Data.Sqlite.SqliteDataReader.NextResult()
   at Microsoft.Data.Sqlite.SqliteCommand.ExecuteReader(CommandBehavior behavior)
   at Microsoft.Data.Sqlite.SqliteCommand.ExecuteReaderAsync(CommandBehavior behavior, CancellationToken cancellationToken)
   at Microsoft.Data.Sqlite.SqliteCommand.ExecuteDbDataReaderAsync(CommandBehavior behavior, CancellationToken cancellationToken)
   at Microsoft.EntityFrameworkCore.Storage.RelationalCommand.ExecuteReaderAsync(RelationalCommandParameterObject parameterObject, CancellationToken cancellationToken)
   at Microsoft.EntityFrameworkCore.Storage.RelationalCommand.ExecuteReaderAsync(RelationalCommandParameterObject parameterObject, CancellationToken cancellationToken)
   at Microsoft.EntityFrameworkCore.Query.Internal.SingleQueryingEnumerable`1.AsyncEnumerator.InitializeReaderAsync(AsyncEnumerator enumerator, CancellationToken cancellationToken)
   at Microsoft.EntityFrameworkCore.Query.Internal.SingleQueryingEnumerable`1.AsyncEnumerator.MoveNextAsync()
   at Microsoft.EntityFrameworkCore.Query.ShapedQueryCompilingExpressionVisitor.SingleOrDefaultAsync[TSource](IAsyncEnumerable`1 asyncEnumerable, CancellationToken cancellationToken)
   at Microsoft.EntityFrameworkCore.Query.ShapedQueryCompilingExpressionVisitor.SingleOrDefaultAsync[TSource](IAsyncEnumerable`1 asyncEnumerable, CancellationToken cancellationToken)
   at AlNeda.Services.AuthService.LoginAsync(String username, String password) in D:\New folder (3)\src\AlNeda.Services\AuthService.cs:line 20
   at AlNeda.Services.AuthService.LoginAsync(String username, String password) in D:\New folder (3)\src\AlNeda.Services\AuthService.cs:line 33
   at AlNeda.Admin.ViewModels.LoginViewModel.LoginAsync() in D:\New folder (3)\src\AlNeda.Admin\ViewModels\LoginViewModel.cs:line 54
2026-05-07 15:38:59.501 +03:00 [ERR] Login failed
Microsoft.Data.Sqlite.SqliteException (0x80004005): SQLite Error 1: 'no such table: Users'.
   at Microsoft.Data.Sqlite.SqliteException.ThrowExceptionForRC(Int32 rc, sqlite3 db)
   at Microsoft.Data.Sqlite.SqliteCommand.PrepareAndEnumerateStatements()+MoveNext()
   at Microsoft.Data.Sqlite.SqliteCommand.GetStatements()+MoveNext()
   at Microsoft.Data.Sqlite.SqliteDataReader.NextResult()
   at Microsoft.Data.Sqlite.SqliteCommand.ExecuteReader(CommandBehavior behavior)
   at Microsoft.Data.Sqlite.SqliteCommand.ExecuteReaderAsync(CommandBehavior behavior, CancellationToken cancellationToken)
   at Microsoft.Data.Sqlite.SqliteCommand.ExecuteDbDataReaderAsync(CommandBehavior behavior, CancellationToken cancellationToken)
   at Microsoft.EntityFrameworkCore.Storage.RelationalCommand.ExecuteReaderAsync(RelationalCommandParameterObject parameterObject, CancellationToken cancellationToken)
   at Microsoft.EntityFrameworkCore.Storage.RelationalCommand.ExecuteReaderAsync(RelationalCommandParameterObject parameterObject, CancellationToken cancellationToken)
   at Microsoft.EntityFrameworkCore.Query.Internal.SingleQueryingEnumerable`1.AsyncEnumerator.InitializeReaderAsync(AsyncEnumerator enumerator, CancellationToken cancellationToken)
   at Microsoft.EntityFrameworkCore.Query.Internal.SingleQueryingEnumerable`1.AsyncEnumerator.MoveNextAsync()
   at Microsoft.EntityFrameworkCore.Query.ShapedQueryCompilingExpressionVisitor.SingleOrDefaultAsync[TSource](IAsyncEnumerable`1 asyncEnumerable, CancellationToken cancellationToken)
   at Microsoft.EntityFrameworkCore.Query.ShapedQueryCompilingExpressionVisitor.SingleOrDefaultAsync[TSource](IAsyncEnumerable`1 asyncEnumerable, CancellationToken cancellationToken)
   at AlNeda.Services.AuthService.LoginAsync(String username, String password) in D:\New folder (3)\src\AlNeda.Services\AuthService.cs:line 20
   at AlNeda.Services.AuthService.LoginAsync(String username, String password) in D:\New folder (3)\src\AlNeda.Services\AuthService.cs:line 33
   at AlNeda.Admin.ViewModels.LoginViewModel.LoginAsync() in D:\New folder (3)\src\AlNeda.Admin\ViewModels\LoginViewModel.cs:line 54
2026-05-07 15:40:14.207 +03:00 [ERR] Login failed
Microsoft.Data.Sqlite.SqliteException (0x80004005): SQLite Error 1: 'no such table: Users'.
   at Microsoft.Data.Sqlite.SqliteException.ThrowExceptionForRC(Int32 rc, sqlite3 db)
   at Microsoft.Data.Sqlite.SqliteCommand.PrepareAndEnumerateStatements()+MoveNext()
   at Microsoft.Data.Sqlite.SqliteCommand.GetStatements()+MoveNext()
   at Microsoft.Data.Sqlite.SqliteDataReader.NextResult()
   at Microsoft.Data.Sqlite.SqliteCommand.ExecuteReader(CommandBehavior behavior)
   at Microsoft.Data.Sqlite.SqliteCommand.ExecuteReaderAsync(CommandBehavior behavior, CancellationToken cancellationToken)
   at Microsoft.Data.Sqlite.SqliteCommand.ExecuteDbDataReaderAsync(CommandBehavior behavior, CancellationToken cancellationToken)
   at Microsoft.EntityFrameworkCore.Storage.RelationalCommand.ExecuteReaderAsync(RelationalCommandParameterObject parameterObject, CancellationToken cancellationToken)
   at Microsoft.EntityFrameworkCore.Storage.RelationalCommand.ExecuteReaderAsync(RelationalCommandParameterObject parameterObject, CancellationToken cancellationToken)
   at Microsoft.EntityFrameworkCore.Query.Internal.SingleQueryingEnumerable`1.AsyncEnumerator.InitializeReaderAsync(AsyncEnumerator enumerator, CancellationToken cancellationToken)
   at Microsoft.EntityFrameworkCore.Query.Internal.SingleQueryingEnumerable`1.AsyncEnumerator.MoveNextAsync()
   at Microsoft.EntityFrameworkCore.Query.ShapedQueryCompilingExpressionVisitor.SingleOrDefaultAsync[TSource](IAsyncEnumerable`1 asyncEnumerable, CancellationToken cancellationToken)
   at Microsoft.EntityFrameworkCore.Query.ShapedQueryCompilingExpressionVisitor.SingleOrDefaultAsync[TSource](IAsyncEnumerable`1 asyncEnumerable, CancellationToken cancellationToken)
   at AlNeda.Services.AuthService.LoginAsync(String username, String password) in D:\New folder (3)\src\AlNeda.Services\AuthService.cs:line 20
   at AlNeda.Services.AuthService.LoginAsync(String username, String password) in D:\New folder (3)\src\AlNeda.Services\AuthService.cs:line 33
   at AlNeda.Admin.ViewModels.LoginViewModel.LoginAsync() in D:\New folder (3)\src\AlNeda.Admin\ViewModels\LoginViewModel.cs:line 54
2026-05-07 15:40:17.230 +03:00 [ERR] Login failed
Microsoft.Data.Sqlite.SqliteException (0x80004005): SQLite Error 1: 'no such table: Users'.
   at Microsoft.Data.Sqlite.SqliteException.ThrowExceptionForRC(Int32 rc, sqlite3 db)
   at Microsoft.Data.Sqlite.SqliteCommand.PrepareAndEnumerateStatements()+MoveNext()
   at Microsoft.Data.Sqlite.SqliteCommand.GetStatements()+MoveNext()
   at Microsoft.Data.Sqlite.SqliteDataReader.NextResult()
   at Microsoft.Data.Sqlite.SqliteCommand.ExecuteReader(CommandBehavior behavior)
   at Microsoft.Data.Sqlite.SqliteCommand.ExecuteReaderAsync(CommandBehavior behavior, CancellationToken cancellationToken)
   at Microsoft.Data.Sqlite.SqliteCommand.ExecuteDbDataReaderAsync(CommandBehavior behavior, CancellationToken cancellationToken)
   at Microsoft.EntityFrameworkCore.Storage.RelationalCommand.ExecuteReaderAsync(RelationalCommandParameterObject parameterObject, CancellationToken cancellationToken)
   at Microsoft.EntityFrameworkCore.Storage.RelationalCommand.ExecuteReaderAsync(RelationalCommandParameterObject parameterObject, CancellationToken cancellationToken)
   at Microsoft.EntityFrameworkCore.Query.Internal.SingleQueryingEnumerable`1.AsyncEnumerator.InitializeReaderAsync(AsyncEnumerator enumerator, CancellationToken cancellationToken)
   at Microsoft.EntityFrameworkCore.Query.Internal.SingleQueryingEnumerable`1.AsyncEnumerator.MoveNextAsync()
   at Microsoft.EntityFrameworkCore.Query.ShapedQueryCompilingExpressionVisitor.SingleOrDefaultAsync[TSource](IAsyncEnumerable`1 asyncEnumerable, CancellationToken cancellationToken)
   at Microsoft.EntityFrameworkCore.Query.ShapedQueryCompilingExpressionVisitor.SingleOrDefaultAsync[TSource](IAsyncEnumerable`1 asyncEnumerable, CancellationToken cancellationToken)
   at AlNeda.Services.AuthService.LoginAsync(String username, String password) in D:\New folder (3)\src\AlNeda.Services\AuthService.cs:line 20
   at AlNeda.Services.AuthService.LoginAsync(String username, String password) in D:\New folder (3)\src\AlNeda.Services\AuthService.cs:line 33
   at AlNeda.Admin.ViewModels.LoginViewModel.LoginAsync() in D:\New folder (3)\src\AlNeda.Admin\ViewModels\LoginViewModel.cs:line 54
2026-05-07 15:40:17.422 +03:00 [ERR] Login failed
Microsoft.Data.Sqlite.SqliteException (0x80004005): SQLite Error 1: 'no such table: Users'.
   at Microsoft.Data.Sqlite.SqliteException.ThrowExceptionForRC(Int32 rc, sqlite3 db)
   at Microsoft.Data.Sqlite.SqliteCommand.PrepareAndEnumerateStatements()+MoveNext()
   at Microsoft.Data.Sqlite.SqliteCommand.GetStatements()+MoveNext()
   at Microsoft.Data.Sqlite.SqliteDataReader.NextResult()
   at Microsoft.Data.Sqlite.SqliteCommand.ExecuteReader(CommandBehavior behavior)
   at Microsoft.Data.Sqlite.SqliteCommand.ExecuteReaderAsync(CommandBehavior behavior, CancellationToken cancellationToken)
   at Microsoft.Data.Sqlite.SqliteCommand.ExecuteDbDataReaderAsync(CommandBehavior behavior, CancellationToken cancellationToken)
   at Microsoft.EntityFrameworkCore.Storage.RelationalCommand.ExecuteReaderAsync(RelationalCommandParameterObject parameterObject, CancellationToken cancellationToken)
   at Microsoft.EntityFrameworkCore.Storage.RelationalCommand.ExecuteReaderAsync(RelationalCommandParameterObject parameterObject, CancellationToken cancellationToken)
   at Microsoft.EntityFrameworkCore.Query.Internal.SingleQueryingEnumerable`1.AsyncEnumerator.InitializeReaderAsync(AsyncEnumerator enumerator, CancellationToken cancellationToken)
   at Microsoft.EntityFrameworkCore.Query.Internal.SingleQueryingEnumerable`1.AsyncEnumerator.MoveNextAsync()
   at Microsoft.EntityFrameworkCore.Query.ShapedQueryCompilingExpressionVisitor.SingleOrDefaultAsync[TSource](IAsyncEnumerable`1 asyncEnumerable, CancellationToken cancellationToken)
   at Microsoft.EntityFrameworkCore.Query.ShapedQueryCompilingExpressionVisitor.SingleOrDefaultAsync[TSource](IAsyncEnumerable`1 asyncEnumerable, CancellationToken cancellationToken)
   at AlNeda.Services.AuthService.LoginAsync(String username, String password) in D:\New folder (3)\src\AlNeda.Services\AuthService.cs:line 20
   at AlNeda.Services.AuthService.LoginAsync(String username, String password) in D:\New folder (3)\src\AlNeda.Services\AuthService.cs:line 33
   at AlNeda.Admin.ViewModels.LoginViewModel.LoginAsync() in D:\New folder (3)\src\AlNeda.Admin\ViewModels\LoginViewModel.cs:line 54
2026-05-07 15:48:18.554 +03:00 [INF] AlNeda Admin starting up
2026-05-07 15:48:34.551 +03:00 [ERR] Login failed
Microsoft.Data.Sqlite.SqliteException (0x80004005): SQLite Error 1: 'no such table: Users'.
   at Microsoft.Data.Sqlite.SqliteException.ThrowExceptionForRC(Int32 rc, sqlite3 db)
   at Microsoft.Data.Sqlite.SqliteCommand.PrepareAndEnumerateStatements()+MoveNext()
   at Microsoft.Data.Sqlite.SqliteCommand.GetStatements()+MoveNext()
   at Microsoft.Data.Sqlite.SqliteDataReader.NextResult()
   at Microsoft.Data.Sqlite.SqliteCommand.ExecuteReader(CommandBehavior behavior)
   at Microsoft.Data.Sqlite.SqliteCommand.ExecuteReaderAsync(CommandBehavior behavior, CancellationToken cancellationToken)
   at Microsoft.Data.Sqlite.SqliteCommand.ExecuteDbDataReaderAsync(CommandBehavior behavior, CancellationToken cancellationToken)
   at Microsoft.EntityFrameworkCore.Storage.RelationalCommand.ExecuteReaderAsync(RelationalCommandParameterObject parameterObject, CancellationToken cancellationToken)
   at Microsoft.EntityFrameworkCore.Storage.RelationalCommand.ExecuteReaderAsync(RelationalCommandParameterObject parameterObject, CancellationToken cancellationToken)
   at Microsoft.EntityFrameworkCore.Query.Internal.SingleQueryingEnumerable`1.AsyncEnumerator.InitializeReaderAsync(AsyncEnumerator enumerator, CancellationToken cancellationToken)
   at Microsoft.EntityFrameworkCore.Query.Internal.SingleQueryingEnumerable`1.AsyncEnumerator.MoveNextAsync()
   at Microsoft.EntityFrameworkCore.Query.ShapedQueryCompilingExpressionVisitor.SingleOrDefaultAsync[TSource](IAsyncEnumerable`1 asyncEnumerable, CancellationToken cancellationToken)
   at Microsoft.EntityFrameworkCore.Query.ShapedQueryCompilingExpressionVisitor.SingleOrDefaultAsync[TSource](IAsyncEnumerable`1 asyncEnumerable, CancellationToken cancellationToken)
   at AlNeda.Services.AuthService.LoginAsync(String username, String password) in D:\New folder (3)\src\AlNeda.Services\AuthService.cs:line 20
   at AlNeda.Services.AuthService.LoginAsync(String username, String password) in D:\New folder (3)\src\AlNeda.Services\AuthService.cs:line 33
   at AlNeda.Admin.ViewModels.LoginViewModel.LoginAsync() in D:\New folder (3)\src\AlNeda.Admin\ViewModels\LoginViewModel.cs:line 54
2026-05-07 15:48:34.645 +03:00 [ERR] Login failed
Microsoft.Data.Sqlite.SqliteException (0x80004005): SQLite Error 1: 'no such table: Users'.
   at Microsoft.Data.Sqlite.SqliteException.ThrowExceptionForRC(Int32 rc, sqlite3 db)
   at Microsoft.Data.Sqlite.SqliteCommand.PrepareAndEnumerateStatements()+MoveNext()
   at Microsoft.Data.Sqlite.SqliteCommand.GetStatements()+MoveNext()
   at Microsoft.Data.Sqlite.SqliteDataReader.NextResult()
   at Microsoft.Data.Sqlite.SqliteCommand.ExecuteReader(CommandBehavior behavior)
   at Microsoft.Data.Sqlite.SqliteCommand.ExecuteReaderAsync(CommandBehavior behavior, CancellationToken cancellationToken)
   at Microsoft.Data.Sqlite.SqliteCommand.ExecuteDbDataReaderAsync(CommandBehavior behavior, CancellationToken cancellationToken)
   at Microsoft.EntityFrameworkCore.Storage.RelationalCommand.ExecuteReaderAsync(RelationalCommandParameterObject parameterObject, CancellationToken cancellationToken)
   at Microsoft.EntityFrameworkCore.Storage.RelationalCommand.ExecuteReaderAsync(RelationalCommandParameterObject parameterObject, CancellationToken cancellationToken)
   at Microsoft.EntityFrameworkCore.Query.Internal.SingleQueryingEnumerable`1.AsyncEnumerator.InitializeReaderAsync(AsyncEnumerator enumerator, CancellationToken cancellationToken)
   at Microsoft.EntityFrameworkCore.Query.Internal.SingleQueryingEnumerable`1.AsyncEnumerator.MoveNextAsync()
   at Microsoft.EntityFrameworkCore.Query.ShapedQueryCompilingExpressionVisitor.SingleOrDefaultAsync[TSource](IAsyncEnumerable`1 asyncEnumerable, CancellationToken cancellationToken)
   at Microsoft.EntityFrameworkCore.Query.ShapedQueryCompilingExpressionVisitor.SingleOrDefaultAsync[TSource](IAsyncEnumerable`1 asyncEnumerable, CancellationToken cancellationToken)
   at AlNeda.Services.AuthService.LoginAsync(String username, String password) in D:\New folder (3)\src\AlNeda.Services\AuthService.cs:line 20
   at AlNeda.Services.AuthService.LoginAsync(String username, String password) in D:\New folder (3)\src\AlNeda.Services\AuthService.cs:line 33
   at AlNeda.Admin.ViewModels.LoginViewModel.LoginAsync() in D:\New folder (3)\src\AlNeda.Admin\ViewModels\LoginViewModel.cs:line 54
2026-05-07 15:48:34.664 +03:00 [ERR] Login failed
Microsoft.Data.Sqlite.SqliteException (0x80004005): SQLite Error 1: 'no such table: Users'.
   at Microsoft.Data.Sqlite.SqliteException.ThrowExceptionForRC(Int32 rc, sqlite3 db)
   at Microsoft.Data.Sqlite.SqliteCommand.PrepareAndEnumerateStatements()+MoveNext()
   at Microsoft.Data.Sqlite.SqliteCommand.GetStatements()+MoveNext()
   at Microsoft.Data.Sqlite.SqliteDataReader.NextResult()
   at Microsoft.Data.Sqlite.SqliteCommand.ExecuteReader(CommandBehavior behavior)
   at Microsoft.Data.Sqlite.SqliteCommand.ExecuteReaderAsync(CommandBehavior behavior, CancellationToken cancellationToken)
   at Microsoft.Data.Sqlite.SqliteCommand.ExecuteDbDataReaderAsync(CommandBehavior behavior, CancellationToken cancellationToken)
   at Microsoft.EntityFrameworkCore.Storage.RelationalCommand.ExecuteReaderAsync(RelationalCommandParameterObject parameterObject, CancellationToken cancellationToken)
   at Microsoft.EntityFrameworkCore.Storage.RelationalCommand.ExecuteReaderAsync(RelationalCommandParameterObject parameterObject, CancellationToken cancellationToken)
   at Microsoft.EntityFrameworkCore.Query.Internal.SingleQueryingEnumerable`1.AsyncEnumerator.InitializeReaderAsync(AsyncEnumerator enumerator, CancellationToken cancellationToken)
   at Microsoft.EntityFrameworkCore.Query.Internal.SingleQueryingEnumerable`1.AsyncEnumerator.MoveNextAsync()
   at Microsoft.EntityFrameworkCore.Query.ShapedQueryCompilingExpressionVisitor.SingleOrDefaultAsync[TSource](IAsyncEnumerable`1 asyncEnumerable, CancellationToken cancellationToken)
   at Microsoft.EntityFrameworkCore.Query.ShapedQueryCompilingExpressionVisitor.SingleOrDefaultAsync[TSource](IAsyncEnumerable`1 asyncEnumerable, CancellationToken cancellationToken)
   at AlNeda.Services.AuthService.LoginAsync(String username, String password) in D:\New folder (3)\src\AlNeda.Services\AuthService.cs:line 20
   at AlNeda.Services.AuthService.LoginAsync(String username, String password) in D:\New folder (3)\src\AlNeda.Services\AuthService.cs:line 33
   at AlNeda.Admin.ViewModels.LoginViewModel.LoginAsync() in D:\New folder (3)\src\AlNeda.Admin\ViewModels\LoginViewModel.cs:line 54
2026-05-07 15:48:34.671 +03:00 [ERR] Login failed
Microsoft.Data.Sqlite.SqliteException (0x80004005): SQLite Error 1: 'no such table: Users'.
   at Microsoft.Data.Sqlite.SqliteException.ThrowExceptionForRC(Int32 rc, sqlite3 db)
   at Microsoft.Data.Sqlite.SqliteCommand.PrepareAndEnumerateStatements()+MoveNext()
   at Microsoft.Data.Sqlite.SqliteCommand.GetStatements()+MoveNext()
   at Microsoft.Data.Sqlite.SqliteDataReader.NextResult()
   at Microsoft.Data.Sqlite.SqliteCommand.ExecuteReader(CommandBehavior behavior)
   at Microsoft.Data.Sqlite.SqliteCommand.ExecuteReaderAsync(CommandBehavior behavior, CancellationToken cancellationToken)
   at Microsoft.Data.Sqlite.SqliteCommand.ExecuteDbDataReaderAsync(CommandBehavior behavior, CancellationToken cancellationToken)
   at Microsoft.EntityFrameworkCore.Storage.RelationalCommand.ExecuteReaderAsync(RelationalCommandParameterObject parameterObject, CancellationToken cancellationToken)
   at Microsoft.EntityFrameworkCore.Storage.RelationalCommand.ExecuteReaderAsync(RelationalCommandParameterObject parameterObject, CancellationToken cancellationToken)
   at Microsoft.EntityFrameworkCore.Query.Internal.SingleQueryingEnumerable`1.AsyncEnumerator.InitializeReaderAsync(AsyncEnumerator enumerator, CancellationToken cancellationToken)
   at Microsoft.EntityFrameworkCore.Query.Internal.SingleQueryingEnumerable`1.AsyncEnumerator.MoveNextAsync()
   at Microsoft.EntityFrameworkCore.Query.ShapedQueryCompilingExpressionVisitor.SingleOrDefaultAsync[TSource](IAsyncEnumerable`1 asyncEnumerable, CancellationToken cancellationToken)
   at Microsoft.EntityFrameworkCore.Query.ShapedQueryCompilingExpressionVisitor.SingleOrDefaultAsync[TSource](IAsyncEnumerable`1 asyncEnumerable, CancellationToken cancellationToken)
   at AlNeda.Services.AuthService.LoginAsync(String username, String password) in D:\New folder (3)\src\AlNeda.Services\AuthService.cs:line 20
   at AlNeda.Services.AuthService.LoginAsync(String username, String password) in D:\New folder (3)\src\AlNeda.Services\AuthService.cs:line 33
   at AlNeda.Admin.ViewModels.LoginViewModel.LoginAsync() in D:\New folder (3)\src\AlNeda.Admin\ViewModels\LoginViewModel.cs:line 54
2026-05-07 15:48:35.629 +03:00 [ERR] Login failed
Microsoft.Data.Sqlite.SqliteException (0x80004005): SQLite Error 1: 'no such table: Users'.
   at Microsoft.Data.Sqlite.SqliteException.ThrowExceptionForRC(Int32 rc, sqlite3 db)
   at Microsoft.Data.Sqlite.SqliteCommand.PrepareAndEnumerateStatements()+MoveNext()
   at Microsoft.Data.Sqlite.SqliteCommand.GetStatements()+MoveNext()
   at Microsoft.Data.Sqlite.SqliteDataReader.NextResult()
   at Microsoft.Data.Sqlite.SqliteCommand.ExecuteReader(CommandBehavior behavior)
   at Microsoft.Data.Sqlite.SqliteCommand.ExecuteReaderAsync(CommandBehavior behavior, CancellationToken cancellationToken)
   at Microsoft.Data.Sqlite.SqliteCommand.ExecuteDbDataReaderAsync(CommandBehavior behavior, CancellationToken cancellationToken)
   at Microsoft.EntityFrameworkCore.Storage.RelationalCommand.ExecuteReaderAsync(RelationalCommandParameterObject parameterObject, CancellationToken cancellationToken)
   at Microsoft.EntityFrameworkCore.Storage.RelationalCommand.ExecuteReaderAsync(RelationalCommandParameterObject parameterObject, CancellationToken cancellationToken)
   at Microsoft.EntityFrameworkCore.Query.Internal.SingleQueryingEnumerable`1.AsyncEnumerator.InitializeReaderAsync(AsyncEnumerator enumerator, CancellationToken cancellationToken)
   at Microsoft.EntityFrameworkCore.Query.Internal.SingleQueryingEnumerable`1.AsyncEnumerator.MoveNextAsync()
   at Microsoft.EntityFrameworkCore.Query.ShapedQueryCompilingExpressionVisitor.SingleOrDefaultAsync[TSource](IAsyncEnumerable`1 asyncEnumerable, CancellationToken cancellationToken)
   at Microsoft.EntityFrameworkCore.Query.ShapedQueryCompilingExpressionVisitor.SingleOrDefaultAsync[TSource](IAsyncEnumerable`1 asyncEnumerable, CancellationToken cancellationToken)
   at AlNeda.Services.AuthService.LoginAsync(String username, String password) in D:\New folder (3)\src\AlNeda.Services\AuthService.cs:line 20
   at AlNeda.Services.AuthService.LoginAsync(String username, String password) in D:\New folder (3)\src\AlNeda.Services\AuthService.cs:line 33
   at AlNeda.Admin.ViewModels.LoginViewModel.LoginAsync() in D:\New folder (3)\src\AlNeda.Admin\ViewModels\LoginViewModel.cs:line 54
2026-05-07 15:50:17.867 +03:00 [ERR] Login failed
Microsoft.Data.Sqlite.SqliteException (0x80004005): SQLite Error 1: 'no such table: Users'.
   at Microsoft.Data.Sqlite.SqliteException.ThrowExceptionForRC(Int32 rc, sqlite3 db)
   at Microsoft.Data.Sqlite.SqliteCommand.PrepareAndEnumerateStatements()+MoveNext()
   at Microsoft.Data.Sqlite.SqliteCommand.GetStatements()+MoveNext()
   at Microsoft.Data.Sqlite.SqliteDataReader.NextResult()
   at Microsoft.Data.Sqlite.SqliteCommand.ExecuteReader(CommandBehavior behavior)
   at Microsoft.Data.Sqlite.SqliteCommand.ExecuteReaderAsync(CommandBehavior behavior, CancellationToken cancellationToken)
   at Microsoft.Data.Sqlite.SqliteCommand.ExecuteDbDataReaderAsync(CommandBehavior behavior, CancellationToken cancellationToken)
   at Microsoft.EntityFrameworkCore.Storage.RelationalCommand.ExecuteReaderAsync(RelationalCommandParameterObject parameterObject, CancellationToken cancellationToken)
   at Microsoft.EntityFrameworkCore.Storage.RelationalCommand.ExecuteReaderAsync(RelationalCommandParameterObject parameterObject, CancellationToken cancellationToken)
   at Microsoft.EntityFrameworkCore.Query.Internal.SingleQueryingEnumerable`1.AsyncEnumerator.InitializeReaderAsync(AsyncEnumerator enumerator, CancellationToken cancellationToken)
   at Microsoft.EntityFrameworkCore.Query.Internal.SingleQueryingEnumerable`1.AsyncEnumerator.MoveNextAsync()
   at Microsoft.EntityFrameworkCore.Query.ShapedQueryCompilingExpressionVisitor.SingleOrDefaultAsync[TSource](IAsyncEnumerable`1 asyncEnumerable, CancellationToken cancellationToken)
   at Microsoft.EntityFrameworkCore.Query.ShapedQueryCompilingExpressionVisitor.SingleOrDefaultAsync[TSource](IAsyncEnumerable`1 asyncEnumerable, CancellationToken cancellationToken)
   at AlNeda.Services.AuthService.LoginAsync(String username, String password) in D:\New folder (3)\src\AlNeda.Services\AuthService.cs:line 20
   at AlNeda.Services.AuthService.LoginAsync(String username, String password) in D:\New folder (3)\src\AlNeda.Services\AuthService.cs:line 33
   at AlNeda.Admin.ViewModels.LoginViewModel.LoginAsync() in D:\New folder (3)\src\AlNeda.Admin\ViewModels\LoginViewModel.cs:line 54
2026-05-07 15:50:22.641 +03:00 [ERR] Login failed
Microsoft.Data.Sqlite.SqliteException (0x80004005): SQLite Error 1: 'no such table: Users'.
   at Microsoft.Data.Sqlite.SqliteException.ThrowExceptionForRC(Int32 rc, sqlite3 db)
   at Microsoft.Data.Sqlite.SqliteCommand.PrepareAndEnumerateStatements()+MoveNext()
   at Microsoft.Data.Sqlite.SqliteCommand.GetStatements()+MoveNext()
   at Microsoft.Data.Sqlite.SqliteDataReader.NextResult()
   at Microsoft.Data.Sqlite.SqliteCommand.ExecuteReader(CommandBehavior behavior)
   at Microsoft.Data.Sqlite.SqliteCommand.ExecuteReaderAsync(CommandBehavior behavior, CancellationToken cancellationToken)
   at Microsoft.Data.Sqlite.SqliteCommand.ExecuteDbDataReaderAsync(CommandBehavior behavior, CancellationToken cancellationToken)
   at Microsoft.EntityFrameworkCore.Storage.RelationalCommand.ExecuteReaderAsync(RelationalCommandParameterObject parameterObject, CancellationToken cancellationToken)
   at Microsoft.EntityFrameworkCore.Storage.RelationalCommand.ExecuteReaderAsync(RelationalCommandParameterObject parameterObject, CancellationToken cancellationToken)
   at Microsoft.EntityFrameworkCore.Query.Internal.SingleQueryingEnumerable`1.AsyncEnumerator.InitializeReaderAsync(AsyncEnumerator enumerator, CancellationToken cancellationToken)
   at Microsoft.EntityFrameworkCore.Query.Internal.SingleQueryingEnumerable`1.AsyncEnumerator.MoveNextAsync()
   at Microsoft.EntityFrameworkCore.Query.ShapedQueryCompilingExpressionVisitor.SingleOrDefaultAsync[TSource](IAsyncEnumerable`1 asyncEnumerable, CancellationToken cancellationToken)
   at Microsoft.EntityFrameworkCore.Query.ShapedQueryCompilingExpressionVisitor.SingleOrDefaultAsync[TSource](IAsyncEnumerable`1 asyncEnumerable, CancellationToken cancellationToken)
   at AlNeda.Services.AuthService.LoginAsync(String username, String password) in D:\New folder (3)\src\AlNeda.Services\AuthService.cs:line 20
   at AlNeda.Services.AuthService.LoginAsync(String username, String password) in D:\New folder (3)\src\AlNeda.Services\AuthService.cs:line 33
   at AlNeda.Admin.ViewModels.LoginViewModel.LoginAsync() in D:\New folder (3)\src\AlNeda.Admin\ViewModels\LoginViewModel.cs:line 54
2026-05-07 15:50:22.913 +03:00 [ERR] Login failed
Microsoft.Data.Sqlite.SqliteException (0x80004005): SQLite Error 1: 'no such table: Users'.
   at Microsoft.Data.Sqlite.SqliteException.ThrowExceptionForRC(Int32 rc, sqlite3 db)
   at Microsoft.Data.Sqlite.SqliteCommand.PrepareAndEnumerateStatements()+MoveNext()
   at Microsoft.Data.Sqlite.SqliteCommand.GetStatements()+MoveNext()
   at Microsoft.Data.Sqlite.SqliteDataReader.NextResult()
   at Microsoft.Data.Sqlite.SqliteCommand.ExecuteReader(CommandBehavior behavior)
   at Microsoft.Data.Sqlite.SqliteCommand.ExecuteReaderAsync(CommandBehavior behavior, CancellationToken cancellationToken)
   at Microsoft.Data.Sqlite.SqliteCommand.ExecuteDbDataReaderAsync(CommandBehavior behavior, CancellationToken cancellationToken)
   at Microsoft.EntityFrameworkCore.Storage.RelationalCommand.ExecuteReaderAsync(RelationalCommandParameterObject parameterObject, CancellationToken cancellationToken)
   at Microsoft.EntityFrameworkCore.Storage.RelationalCommand.ExecuteReaderAsync(RelationalCommandParameterObject parameterObject, CancellationToken cancellationToken)
   at Microsoft.EntityFrameworkCore.Query.Internal.SingleQueryingEnumerable`1.AsyncEnumerator.InitializeReaderAsync(AsyncEnumerator enumerator, CancellationToken cancellationToken)
   at Microsoft.EntityFrameworkCore.Query.Internal.SingleQueryingEnumerable`1.AsyncEnumerator.MoveNextAsync()
   at Microsoft.EntityFrameworkCore.Query.ShapedQueryCompilingExpressionVisitor.SingleOrDefaultAsync[TSource](IAsyncEnumerable`1 asyncEnumerable, CancellationToken cancellationToken)
   at Microsoft.EntityFrameworkCore.Query.ShapedQueryCompilingExpressionVisitor.SingleOrDefaultAsync[TSource](IAsyncEnumerable`1 asyncEnumerable, CancellationToken cancellationToken)
   at AlNeda.Services.AuthService.LoginAsync(String username, String password) in D:\New folder (3)\src\AlNeda.Services\AuthService.cs:line 20
   at AlNeda.Services.AuthService.LoginAsync(String username, String password) in D:\New folder (3)\src\AlNeda.Services\AuthService.cs:line 33
   at AlNeda.Admin.ViewModels.LoginViewModel.LoginAsync() in D:\New folder (3)\src\AlNeda.Admin\ViewModels\LoginViewModel.cs:line 54
2026-05-07 15:50:23.591 +03:00 [ERR] Login failed
Microsoft.Data.Sqlite.SqliteException (0x80004005): SQLite Error 1: 'no such table: Users'.
   at Microsoft.Data.Sqlite.SqliteException.ThrowExceptionForRC(Int32 rc, sqlite3 db)
   at Microsoft.Data.Sqlite.SqliteCommand.PrepareAndEnumerateStatements()+MoveNext()
   at Microsoft.Data.Sqlite.SqliteCommand.GetStatements()+MoveNext()
   at Microsoft.Data.Sqlite.SqliteDataReader.NextResult()
   at Microsoft.Data.Sqlite.SqliteCommand.ExecuteReader(CommandBehavior behavior)
   at Microsoft.Data.Sqlite.SqliteCommand.ExecuteReaderAsync(CommandBehavior behavior, CancellationToken cancellationToken)
   at Microsoft.Data.Sqlite.SqliteCommand.ExecuteDbDataReaderAsync(CommandBehavior behavior, CancellationToken cancellationToken)
   at Microsoft.EntityFrameworkCore.Storage.RelationalCommand.ExecuteReaderAsync(RelationalCommandParameterObject parameterObject, CancellationToken cancellationToken)
   at Microsoft.EntityFrameworkCore.Storage.RelationalCommand.ExecuteReaderAsync(RelationalCommandParameterObject parameterObject, CancellationToken cancellationToken)
   at Microsoft.EntityFrameworkCore.Query.Internal.SingleQueryingEnumerable`1.AsyncEnumerator.InitializeReaderAsync(AsyncEnumerator enumerator, CancellationToken cancellationToken)
   at Microsoft.EntityFrameworkCore.Query.Internal.SingleQueryingEnumerable`1.AsyncEnumerator.MoveNextAsync()
   at Microsoft.EntityFrameworkCore.Query.ShapedQueryCompilingExpressionVisitor.SingleOrDefaultAsync[TSource](IAsyncEnumerable`1 asyncEnumerable, CancellationToken cancellationToken)
   at Microsoft.EntityFrameworkCore.Query.ShapedQueryCompilingExpressionVisitor.SingleOrDefaultAsync[TSource](IAsyncEnumerable`1 asyncEnumerable, CancellationToken cancellationToken)
   at AlNeda.Services.AuthService.LoginAsync(String username, String password) in D:\New folder (3)\src\AlNeda.Services\AuthService.cs:line 20
   at AlNeda.Services.AuthService.LoginAsync(String username, String password) in D:\New folder (3)\src\AlNeda.Services\AuthService.cs:line 33
   at AlNeda.Admin.ViewModels.LoginViewModel.LoginAsync() in D:\New folder (3)\src\AlNeda.Admin\ViewModels\LoginViewModel.cs:line 54
2026-05-07 15:50:26.238 +03:00 [ERR] Login failed
Microsoft.Data.Sqlite.SqliteException (0x80004005): SQLite Error 1: 'no such table: Users'.
   at Microsoft.Data.Sqlite.SqliteException.ThrowExceptionForRC(Int32 rc, sqlite3 db)
   at Microsoft.Data.Sqlite.SqliteCommand.PrepareAndEnumerateStatements()+MoveNext()
   at Microsoft.Data.Sqlite.SqliteCommand.GetStatements()+MoveNext()
   at Microsoft.Data.Sqlite.SqliteDataReader.NextResult()
   at Microsoft.Data.Sqlite.SqliteCommand.ExecuteReader(CommandBehavior behavior)
   at Microsoft.Data.Sqlite.SqliteCommand.ExecuteReaderAsync(CommandBehavior behavior, CancellationToken cancellationToken)
   at Microsoft.Data.Sqlite.SqliteCommand.ExecuteDbDataReaderAsync(CommandBehavior behavior, CancellationToken cancellationToken)
   at Microsoft.EntityFrameworkCore.Storage.RelationalCommand.ExecuteReaderAsync(RelationalCommandParameterObject parameterObject, CancellationToken cancellationToken)
   at Microsoft.EntityFrameworkCore.Storage.RelationalCommand.ExecuteReaderAsync(RelationalCommandParameterObject parameterObject, CancellationToken cancellationToken)
   at Microsoft.EntityFrameworkCore.Query.Internal.SingleQueryingEnumerable`1.AsyncEnumerator.InitializeReaderAsync(AsyncEnumerator enumerator, CancellationToken cancellationToken)
   at Microsoft.EntityFrameworkCore.Query.Internal.SingleQueryingEnumerable`1.AsyncEnumerator.MoveNextAsync()
   at Microsoft.EntityFrameworkCore.Query.ShapedQueryCompilingExpressionVisitor.SingleOrDefaultAsync[TSource](IAsyncEnumerable`1 asyncEnumerable, CancellationToken cancellationToken)
   at Microsoft.EntityFrameworkCore.Query.ShapedQueryCompilingExpressionVisitor.SingleOrDefaultAsync[TSource](IAsyncEnumerable`1 asyncEnumerable, CancellationToken cancellationToken)
   at AlNeda.Services.AuthService.LoginAsync(String username, String password) in D:\New folder (3)\src\AlNeda.Services\AuthService.cs:line 20
   at AlNeda.Services.AuthService.LoginAsync(String username, String password) in D:\New folder (3)\src\AlNeda.Services\AuthService.cs:line 33
   at AlNeda.Admin.ViewModels.LoginViewModel.LoginAsync() in D:\New folder (3)\src\AlNeda.Admin\ViewModels\LoginViewModel.cs:line 54
2026-05-07 15:50:26.993 +03:00 [ERR] Login failed
Microsoft.Data.Sqlite.SqliteException (0x80004005): SQLite Error 1: 'no such table: Users'.
   at Microsoft.Data.Sqlite.SqliteException.ThrowExceptionForRC(Int32 rc, sqlite3 db)
   at Microsoft.Data.Sqlite.SqliteCommand.PrepareAndEnumerateStatements()+MoveNext()
   at Microsoft.Data.Sqlite.SqliteCommand.GetStatements()+MoveNext()
   at Microsoft.Data.Sqlite.SqliteDataReader.NextResult()
   at Microsoft.Data.Sqlite.SqliteCommand.ExecuteReader(CommandBehavior behavior)
   at Microsoft.Data.Sqlite.SqliteCommand.ExecuteReaderAsync(CommandBehavior behavior, CancellationToken cancellationToken)
   at Microsoft.Data.Sqlite.SqliteCommand.ExecuteDbDataReaderAsync(CommandBehavior behavior, CancellationToken cancellationToken)
   at Microsoft.EntityFrameworkCore.Storage.RelationalCommand.ExecuteReaderAsync(RelationalCommandParameterObject parameterObject, CancellationToken cancellationToken)
   at Microsoft.EntityFrameworkCore.Storage.RelationalCommand.ExecuteReaderAsync(RelationalCommandParameterObject parameterObject, CancellationToken cancellationToken)
   at Microsoft.EntityFrameworkCore.Query.Internal.SingleQueryingEnumerable`1.AsyncEnumerator.InitializeReaderAsync(AsyncEnumerator enumerator, CancellationToken cancellationToken)
   at Microsoft.EntityFrameworkCore.Query.Internal.SingleQueryingEnumerable`1.AsyncEnumerator.MoveNextAsync()
   at Microsoft.EntityFrameworkCore.Query.ShapedQueryCompilingExpressionVisitor.SingleOrDefaultAsync[TSource](IAsyncEnumerable`1 asyncEnumerable, CancellationToken cancellationToken)
   at Microsoft.EntityFrameworkCore.Query.ShapedQueryCompilingExpressionVisitor.SingleOrDefaultAsync[TSource](IAsyncEnumerable`1 asyncEnumerable, CancellationToken cancellationToken)
   at AlNeda.Services.AuthService.LoginAsync(String username, String password) in D:\New folder (3)\src\AlNeda.Services\AuthService.cs:line 20
   at AlNeda.Services.AuthService.LoginAsync(String username, String password) in D:\New folder (3)\src\AlNeda.Services\AuthService.cs:line 33
   at AlNeda.Admin.ViewModels.LoginViewModel.LoginAsync() in D:\New folder (3)\src\AlNeda.Admin\ViewModels\LoginViewModel.cs:line 54
2026-05-07 15:50:27.185 +03:00 [ERR] Login failed
Microsoft.Data.Sqlite.SqliteException (0x80004005): SQLite Error 1: 'no such table: Users'.
   at Microsoft.Data.Sqlite.SqliteException.ThrowExceptionForRC(Int32 rc, sqlite3 db)
   at Microsoft.Data.Sqlite.SqliteCommand.PrepareAndEnumerateStatements()+MoveNext()
   at Microsoft.Data.Sqlite.SqliteCommand.GetStatements()+MoveNext()
   at Microsoft.Data.Sqlite.SqliteDataReader.NextResult()
   at Microsoft.Data.Sqlite.SqliteCommand.ExecuteReader(CommandBehavior behavior)
   at Microsoft.Data.Sqlite.SqliteCommand.ExecuteReaderAsync(CommandBehavior behavior, CancellationToken cancellationToken)
   at Microsoft.Data.Sqlite.SqliteCommand.ExecuteDbDataReaderAsync(CommandBehavior behavior, CancellationToken cancellationToken)
   at Microsoft.EntityFrameworkCore.Storage.RelationalCommand.ExecuteReaderAsync(RelationalCommandParameterObject parameterObject, CancellationToken cancellationToken)
   at Microsoft.EntityFrameworkCore.Storage.RelationalCommand.ExecuteReaderAsync(RelationalCommandParameterObject parameterObject, CancellationToken cancellationToken)
   at Microsoft.EntityFrameworkCore.Query.Internal.SingleQueryingEnumerable`1.AsyncEnumerator.InitializeReaderAsync(AsyncEnumerator enumerator, CancellationToken cancellationToken)
   at Microsoft.EntityFrameworkCore.Query.Internal.SingleQueryingEnumerable`1.AsyncEnumerator.MoveNextAsync()
   at Microsoft.EntityFrameworkCore.Query.ShapedQueryCompilingExpressionVisitor.SingleOrDefaultAsync[TSource](IAsyncEnumerable`1 asyncEnumerable, CancellationToken cancellationToken)
   at Microsoft.EntityFrameworkCore.Query.ShapedQueryCompilingExpressionVisitor.SingleOrDefaultAsync[TSource](IAsyncEnumerable`1 asyncEnumerable, CancellationToken cancellationToken)
   at AlNeda.Services.AuthService.LoginAsync(String username, String password) in D:\New folder (3)\src\AlNeda.Services\AuthService.cs:line 20
   at AlNeda.Services.AuthService.LoginAsync(String username, String password) in D:\New folder (3)\src\AlNeda.Services\AuthService.cs:line 33
   at AlNeda.Admin.ViewModels.LoginViewModel.LoginAsync() in D:\New folder (3)\src\AlNeda.Admin\ViewModels\LoginViewModel.cs:line 54
2026-05-07 15:51:16.172 +03:00 [INF] AlNeda Admin starting up
2026-05-07 15:51:28.413 +03:00 [ERR] Login failed
Microsoft.Data.Sqlite.SqliteException (0x80004005): SQLite Error 1: 'no such table: Users'.
   at Microsoft.Data.Sqlite.SqliteException.ThrowExceptionForRC(Int32 rc, sqlite3 db)
   at Microsoft.Data.Sqlite.SqliteCommand.PrepareAndEnumerateStatements()+MoveNext()
   at Microsoft.Data.Sqlite.SqliteCommand.GetStatements()+MoveNext()
   at Microsoft.Data.Sqlite.SqliteDataReader.NextResult()
   at Microsoft.Data.Sqlite.SqliteCommand.ExecuteReader(CommandBehavior behavior)
   at Microsoft.Data.Sqlite.SqliteCommand.ExecuteReaderAsync(CommandBehavior behavior, CancellationToken cancellationToken)
   at Microsoft.Data.Sqlite.SqliteCommand.ExecuteDbDataReaderAsync(CommandBehavior behavior, CancellationToken cancellationToken)
   at Microsoft.EntityFrameworkCore.Storage.RelationalCommand.ExecuteReaderAsync(RelationalCommandParameterObject parameterObject, CancellationToken cancellationToken)
   at Microsoft.EntityFrameworkCore.Storage.RelationalCommand.ExecuteReaderAsync(RelationalCommandParameterObject parameterObject, CancellationToken cancellationToken)
   at Microsoft.EntityFrameworkCore.Query.Internal.SingleQueryingEnumerable`1.AsyncEnumerator.InitializeReaderAsync(AsyncEnumerator enumerator, CancellationToken cancellationToken)
   at Microsoft.EntityFrameworkCore.Query.Internal.SingleQueryingEnumerable`1.AsyncEnumerator.MoveNextAsync()
   at Microsoft.EntityFrameworkCore.Query.ShapedQueryCompilingExpressionVisitor.SingleOrDefaultAsync[TSource](IAsyncEnumerable`1 asyncEnumerable, CancellationToken cancellationToken)
   at Microsoft.EntityFrameworkCore.Query.ShapedQueryCompilingExpressionVisitor.SingleOrDefaultAsync[TSource](IAsyncEnumerable`1 asyncEnumerable, CancellationToken cancellationToken)
   at AlNeda.Services.AuthService.LoginAsync(String username, String password) in D:\New folder (3)\src\AlNeda.Services\AuthService.cs:line 20
   at AlNeda.Services.AuthService.LoginAsync(String username, String password) in D:\New folder (3)\src\AlNeda.Services\AuthService.cs:line 33
   at AlNeda.Admin.ViewModels.LoginViewModel.LoginAsync() in D:\New folder (3)\src\AlNeda.Admin\ViewModels\LoginViewModel.cs:line 54
2026-05-07 15:54:02.224 +03:00 [ERR] Login failed
Microsoft.Data.Sqlite.SqliteException (0x80004005): SQLite Error 1: 'no such table: Users'.
   at Microsoft.Data.Sqlite.SqliteException.ThrowExceptionForRC(Int32 rc, sqlite3 db)
   at Microsoft.Data.Sqlite.SqliteCommand.PrepareAndEnumerateStatements()+MoveNext()
   at Microsoft.Data.Sqlite.SqliteCommand.GetStatements()+MoveNext()
   at Microsoft.Data.Sqlite.SqliteDataReader.NextResult()
   at Microsoft.Data.Sqlite.SqliteCommand.ExecuteReader(CommandBehavior behavior)
   at Microsoft.Data.Sqlite.SqliteCommand.ExecuteReaderAsync(CommandBehavior behavior, CancellationToken cancellationToken)
   at Microsoft.Data.Sqlite.SqliteCommand.ExecuteDbDataReaderAsync(CommandBehavior behavior, CancellationToken cancellationToken)
   at Microsoft.EntityFrameworkCore.Storage.RelationalCommand.ExecuteReaderAsync(RelationalCommandParameterObject parameterObject, CancellationToken cancellationToken)
   at Microsoft.EntityFrameworkCore.Storage.RelationalCommand.ExecuteReaderAsync(RelationalCommandParameterObject parameterObject, CancellationToken cancellationToken)
   at Microsoft.EntityFrameworkCore.Query.Internal.SingleQueryingEnumerable`1.AsyncEnumerator.InitializeReaderAsync(AsyncEnumerator enumerator, CancellationToken cancellationToken)
   at Microsoft.EntityFrameworkCore.Query.Internal.SingleQueryingEnumerable`1.AsyncEnumerator.MoveNextAsync()
   at Microsoft.EntityFrameworkCore.Query.ShapedQueryCompilingExpressionVisitor.SingleOrDefaultAsync[TSource](IAsyncEnumerable`1 asyncEnumerable, CancellationToken cancellationToken)
   at Microsoft.EntityFrameworkCore.Query.ShapedQueryCompilingExpressionVisitor.SingleOrDefaultAsync[TSource](IAsyncEnumerable`1 asyncEnumerable, CancellationToken cancellationToken)
   at AlNeda.Services.AuthService.LoginAsync(String username, String password) in D:\New folder (3)\src\AlNeda.Services\AuthService.cs:line 20
   at AlNeda.Services.AuthService.LoginAsync(String username, String password) in D:\New folder (3)\src\AlNeda.Services\AuthService.cs:line 33
   at AlNeda.Admin.ViewModels.LoginViewModel.LoginAsync() in D:\New folder (3)\src\AlNeda.Admin\ViewModels\LoginViewModel.cs:line 54
2026-05-07 15:54:02.337 +03:00 [ERR] Login failed
Microsoft.Data.Sqlite.SqliteException (0x80004005): SQLite Error 1: 'no such table: Users'.
   at Microsoft.Data.Sqlite.SqliteException.ThrowExceptionForRC(Int32 rc, sqlite3 db)
   at Microsoft.Data.Sqlite.SqliteCommand.PrepareAndEnumerateStatements()+MoveNext()
   at Microsoft.Data.Sqlite.SqliteCommand.GetStatements()+MoveNext()
   at Microsoft.Data.Sqlite.SqliteDataReader.NextResult()
   at Microsoft.Data.Sqlite.SqliteCommand.ExecuteReader(CommandBehavior behavior)
   at Microsoft.Data.Sqlite.SqliteCommand.ExecuteReaderAsync(CommandBehavior behavior, CancellationToken cancellationToken)
   at Microsoft.Data.Sqlite.SqliteCommand.ExecuteDbDataReaderAsync(CommandBehavior behavior, CancellationToken cancellationToken)
   at Microsoft.EntityFrameworkCore.Storage.RelationalCommand.ExecuteReaderAsync(RelationalCommandParameterObject parameterObject, CancellationToken cancellationToken)
   at Microsoft.EntityFrameworkCore.Storage.RelationalCommand.ExecuteReaderAsync(RelationalCommandParameterObject parameterObject, CancellationToken cancellationToken)
   at Microsoft.EntityFrameworkCore.Query.Internal.SingleQueryingEnumerable`1.AsyncEnumerator.InitializeReaderAsync(AsyncEnumerator enumerator, CancellationToken cancellationToken)
   at Microsoft.EntityFrameworkCore.Query.Internal.SingleQueryingEnumerable`1.AsyncEnumerator.MoveNextAsync()
   at Microsoft.EntityFrameworkCore.Query.ShapedQueryCompilingExpressionVisitor.SingleOrDefaultAsync[TSource](IAsyncEnumerable`1 asyncEnumerable, CancellationToken cancellationToken)
   at Microsoft.EntityFrameworkCore.Query.ShapedQueryCompilingExpressionVisitor.SingleOrDefaultAsync[TSource](IAsyncEnumerable`1 asyncEnumerable, CancellationToken cancellationToken)
   at AlNeda.Services.AuthService.LoginAsync(String username, String password) in D:\New folder (3)\src\AlNeda.Services\AuthService.cs:line 20
   at AlNeda.Services.AuthService.LoginAsync(String username, String password) in D:\New folder (3)\src\AlNeda.Services\AuthService.cs:line 33
   at AlNeda.Admin.ViewModels.LoginViewModel.LoginAsync() in D:\New folder (3)\src\AlNeda.Admin\ViewModels\LoginViewModel.cs:line 54
2026-05-07 15:57:03.105 +03:00 [INF] AlNeda Admin starting up
2026-05-07 20:51:51.553 +03:00 [INF] AlNeda Admin starting up
2026-05-07 20:55:25.083 +03:00 [INF] AlNeda Admin starting up
2026-05-07 20:55:39.982 +03:00 [INF] User logged in: admin (admin)
2026-05-07 20:55:40.312 +03:00 [INF] User logged in: admin (admin)
2026-05-07 21:10:14.937 +03:00 [INF] AlNeda Admin starting up
2026-05-07 21:10:14.983 +03:00 [INF] Using database at: D:\New folder (3)\pharmacy.db
2026-05-07 21:12:34.043 +03:00 [INF] AlNeda Admin starting up
2026-05-07 21:12:34.096 +03:00 [INF] Using database at: D:\New folder (3)\pharmacy.db
2026-05-07 21:17:18.303 +03:00 [INF] AlNeda Admin starting up
2026-05-07 21:17:18.355 +03:00 [INF] Using database at: D:\New folder (3)\pharmacy.db
2026-05-07 21:19:27.945 +03:00 [INF] AlNeda Admin starting up
2026-05-07 21:19:27.992 +03:00 [INF] Using database at: D:\New folder (3)\pharmacy.db
2026-05-07 21:22:36.393 +03:00 [INF] AlNeda Admin starting up
2026-05-07 21:22:36.439 +03:00 [INF] Using database at: D:\New folder (3)\pharmacy.db
2026-05-07 21:24:34.869 +03:00 [INF] AlNeda Admin starting up
2026-05-07 21:24:34.913 +03:00 [INF] Using database at: D:\New folder (3)\pharmacy.db
2026-05-07 21:24:41.462 +03:00 [INF] User logged in: admin (admin)
2026-05-07 21:26:03.155 +03:00 [INF] AlNeda Admin starting up
2026-05-07 21:26:03.202 +03:00 [INF] Using database at: D:\New folder (3)\pharmacy.db
2026-05-07 21:26:08.749 +03:00 [INF] User logged in: admin (admin)
2026-05-07 21:34:58.511 +03:00 [INF] AlNeda Admin starting up
2026-05-07 21:34:58.559 +03:00 [INF] Using database at: D:\New folder (3)\pharmacy.db
2026-05-07 21:35:02.313 +03:00 [INF] User logged in: admin (admin)
2026-05-07 21:37:57.145 +03:00 [INF] AlNeda Admin starting up
2026-05-07 21:37:57.197 +03:00 [INF] Using database at: D:\New folder (3)\pharmacy.db
2026-05-07 21:38:05.430 +03:00 [INF] User logged in: admin (admin)
2026-05-07 21:41:41.648 +03:00 [INF] AlNeda Admin starting up
2026-05-07 21:41:41.697 +03:00 [INF] Using database at: D:\New folder (3)\pharmacy.db
2026-05-07 21:41:47.344 +03:00 [INF] User logged in: admin (admin)
2026-05-07 21:50:16.843 +03:00 [INF] AlNeda Admin starting up
2026-05-07 21:50:16.887 +03:00 [INF] Using database at: D:\New folder (3)\pharmacy.db
2026-05-07 21:50:23.269 +03:00 [INF] User logged in: admin (admin)
2026-05-07 21:54:43.432 +03:00 [INF] AlNeda Admin starting up
2026-05-07 21:54:43.480 +03:00 [INF] Using database at: D:\New folder (3)\pharmacy.db
2026-05-07 21:54:46.769 +03:00 [INF] User logged in: admin (admin)
2026-05-07 21:57:28.404 +03:00 [INF] AlNeda Admin starting up
2026-05-07 21:57:28.461 +03:00 [INF] Using database at: D:\New folder (3)\pharmacy.db
2026-05-07 21:57:38.212 +03:00 [INF] User logged in: admin (admin)
2026-05-07 22:00:17.194 +03:00 [INF] AlNeda Admin starting up
2026-05-07 22:00:17.237 +03:00 [INF] Using database at: D:\New folder (3)\pharmacy.db
2026-05-07 22:00:31.600 +03:00 [INF] User logged in: admin (admin)
2026-05-07 22:01:45.707 +03:00 [INF] AlNeda Admin starting up
2026-05-07 22:01:45.752 +03:00 [INF] Using database at: D:\New folder (3)\pharmacy.db
2026-05-07 22:13:39.632 +03:00 [INF] AlNeda Admin starting up
2026-05-07 22:13:39.679 +03:00 [INF] Using database at: D:\New folder (3)\pharmacy.db
2026-05-07 22:22:54.814 +03:00 [INF] AlNeda Admin starting up
2026-05-07 22:22:54.862 +03:00 [INF] Using database at: D:\New folder (3)\pharmacy.db
2026-05-07 22:22:59.676 +03:00 [INF] User logged in: admin (admin)
2026-05-07 23:00:04.704 +03:00 [INF] AlNeda Admin starting up
2026-05-07 23:00:04.757 +03:00 [INF] Using database at: D:\New folder (3)\pharmacy.db
2026-05-07 23:00:06.963 +03:00 [INF] User logged in: admin (admin)
2026-05-07 23:00:08.618 +03:00 [INF] Navigating to: products
2026-05-07 23:00:09.018 +03:00 [INF] Navigating to: products
