2026-05-08 05:25:44.218 +03:00 [INF] AlNeda Admin starting up
2026-05-08 05:25:44.264 +03:00 [WRN] No existing database found, will create new one at default path
2026-05-08 05:25:44.265 +03:00 [INF] Using database at: D:\New folder (3)\src\AlNeda.Admin\bin\Debug\net9.0-windows\pharmacy.db
2026-05-08 05:25:47.962 +03:00 [INF] User logged in: admin (admin)
2026-05-08 05:26:08.240 +03:00 [INF] AlNeda Admin starting up
2026-05-08 05:26:08.303 +03:00 [INF] Using default database in application directory
2026-05-08 05:26:08.304 +03:00 [INF] Using database at: D:\New folder (3)\src\AlNeda.Admin\bin\Debug\net9.0-windows\pharmacy.db
2026-05-08 05:26:36.774 +03:00 [ERR] Login failed
Microsoft.Data.Sqlite.SqliteException (0x80004005): SQLite Error 1: 'no such table: Users'.
   at Microsoft.Data.Sqlite.SqliteException.ThrowExceptionForRC(Int32 rc, sqlite3 db)
   at Microsoft.Data.Sqlite.SqliteCommand.PrepareAndEnumerateStatements()+MoveNext()
   at Microsoft.Data.Sqlite.SqliteCommand.GetStatements()+MoveNext()
   at Microsoft.Data.Sqlite.SqliteDataReader.NextResult()
   at Microsoft.Data.Sqlite.SqliteCommand.ExecuteReader(CommandBehavior behavior)
   at Microsoft.Data.Sqlite.SqliteCommand.ExecuteReaderAsync(CommandBehavior behavior, CancellationToken cancellationToken)
   at Microsoft.Data.Sqlite.SqliteCommand.ExecuteDbDataReaderAsync(CommandBehavior behavior, CancellationToken cancellationToken)
   at Microsoft.EntityFrameworkCore.Storage.RelationalCommand.ExecuteReaderAsync(RelationalCommandParameterObject parameterObject, CancellationToken cancellationToken)
   at Microsoft.EntityFrameworkCore.Storage.RelationalCommand.ExecuteReaderAsync(RelationalCommandParameterObject parameterObject, CancellationToken cancellationToken)
   at Microsoft.EntityFrameworkCore.Query.Internal.SingleQueryingEnumerable`1.AsyncEnumerator.InitializeReaderAsync(AsyncEnumerator enumerator, CancellationToken cancellationToken)
   at Microsoft.EntityFrameworkCore.Query.Internal.SingleQueryingEnumerable`1.AsyncEnumerator.MoveNextAsync()
   at Microsoft.EntityFrameworkCore.Query.ShapedQueryCompilingExpressionVisitor.SingleAsync[TSource](IAsyncEnumerable`1 asyncEnumerable, CancellationToken cancellationToken)
   at Microsoft.EntityFrameworkCore.Query.ShapedQueryCompilingExpressionVisitor.SingleAsync[TSource](IAsyncEnumerable`1 asyncEnumerable, CancellationToken cancellationToken)
   at AlNeda.Services.AuthService.LoginAsync(String username, String password) in D:\New folder (3)\src\AlNeda.Services\AuthService.cs:line 22
   at AlNeda.Services.AuthService.LoginAsync(String username, String password) in D:\New folder (3)\src\AlNeda.Services\AuthService.cs:line 61
   at AlNeda.Admin.ViewModels.LoginViewModel.LoginAsync(Object parameter) in D:\New folder (3)\src\AlNeda.Admin\ViewModels\LoginViewModel.cs:line 59
2026-05-08 05:34:55.019 +03:00 [INF] AlNeda Admin starting up
2026-05-08 05:34:55.067 +03:00 [INF] Using default database in application directory
2026-05-08 05:34:55.068 +03:00 [INF] Using database at: D:\New folder (3)\src\AlNeda.Admin\bin\Debug\net9.0-windows\pharmacy.db
2026-05-08 05:34:55.238 +03:00 [INF] Checking for database migrations...
2026-05-08 05:34:56.407 +03:00 [ERR] Failed to initialize database
System.InvalidOperationException: An error was generated for warning 'Microsoft.EntityFrameworkCore.Migrations.PendingModelChangesWarning': The model for context 'AppDbContext' has pending changes. Add a new migration before updating the database. See https://aka.ms/efcore-docs-pending-changes. This exception can be suppressed or logged by passing event ID 'RelationalEventId.PendingModelChangesWarning' to the 'ConfigureWarnings' method in 'DbContext.OnConfiguring' or 'AddDbContext'.
   at Microsoft.EntityFrameworkCore.Diagnostics.EventDefinition`1.Log[TLoggerCategory](IDiagnosticsLogger`1 logger, TParam arg)
   at Microsoft.EntityFrameworkCore.Diagnostics.RelationalLoggerExtensions.PendingModelChangesWarning(IDiagnosticsLogger`1 diagnostics, Type contextType)
   at Microsoft.EntityFrameworkCore.Migrations.Internal.Migrator.ValidateMigrations(Boolean useTransaction, String targetMigration)
   at Microsoft.EntityFrameworkCore.Migrations.Internal.Migrator.MigrateAsync(String targetMigration, CancellationToken cancellationToken)
   at AlNeda.Admin.App.OnStartup(StartupEventArgs e) in D:\New folder (3)\src\AlNeda.Admin\App.xaml.cs:line 101
   at AlNeda.Admin.App.OnStartup(StartupEventArgs e) in D:\New folder (3)\src\AlNeda.Admin\App.xaml.cs:line 118
2026-05-08 05:38:55.513 +03:00 [INF] AlNeda Admin starting up
2026-05-08 05:38:55.578 +03:00 [INF] Using default database in application directory
2026-05-08 05:38:55.579 +03:00 [INF] Using database at: D:\New folder (3)\src\AlNeda.Admin\bin\Debug\net9.0-windows\pharmacy.db
2026-05-08 05:38:57.141 +03:00 [INF] Checking for database migrations...
2026-05-08 05:38:59.879 +03:00 [ERR] Failed to initialize database
System.InvalidOperationException: An error was generated for warning 'Microsoft.EntityFrameworkCore.Migrations.PendingModelChangesWarning': The model for context 'AppDbContext' has pending changes. Add a new migration before updating the database. See https://aka.ms/efcore-docs-pending-changes. This exception can be suppressed or logged by passing event ID 'RelationalEventId.PendingModelChangesWarning' to the 'ConfigureWarnings' method in 'DbContext.OnConfiguring' or 'AddDbContext'.
   at Microsoft.EntityFrameworkCore.Diagnostics.EventDefinition`1.Log[TLoggerCategory](IDiagnosticsLogger`1 logger, TParam arg)
   at Microsoft.EntityFrameworkCore.Diagnostics.RelationalLoggerExtensions.PendingModelChangesWarning(IDiagnosticsLogger`1 diagnostics, Type contextType)
   at Microsoft.EntityFrameworkCore.Migrations.Internal.Migrator.ValidateMigrations(Boolean useTransaction, String targetMigration)
   at Microsoft.EntityFrameworkCore.Migrations.Internal.Migrator.MigrateAsync(String targetMigration, CancellationToken cancellationToken)
   at AlNeda.Admin.App.OnStartup(StartupEventArgs e) in D:\New folder (3)\src\AlNeda.Admin\App.xaml.cs:line 101
   at AlNeda.Admin.App.OnStartup(StartupEventArgs e) in D:\New folder (3)\src\AlNeda.Admin\App.xaml.cs:line 118
2026-05-08 05:39:51.201 +03:00 [INF] AlNeda Admin starting up
2026-05-08 05:39:51.279 +03:00 [INF] Using default database in application directory
2026-05-08 05:39:51.280 +03:00 [INF] Using database at: D:\New folder (3)\src\AlNeda.Admin\bin\Debug\net9.0-windows\pharmacy.db
2026-05-08 05:39:51.566 +03:00 [INF] Checking for database migrations...
2026-05-08 05:39:54.382 +03:00 [INF] Database initialization successful
2026-05-08 05:40:18.615 +03:00 [INF] User logged in: admin (admin)
2026-05-08 05:40:20.252 +03:00 [INF] Navigating to: products
2026-05-08 05:42:52.527 +03:00 [INF] AlNeda Admin starting up
2026-05-08 05:42:52.598 +03:00 [INF] Using default database in application directory
2026-05-08 05:42:52.600 +03:00 [INF] Using database at: D:\New folder (3)\src\AlNeda.Admin\bin\Debug\net9.0-windows\pharmacy.db
2026-05-08 05:42:52.875 +03:00 [INF] Checking for database migrations...
2026-05-08 05:42:55.050 +03:00 [INF] Database initialization successful
2026-05-08 05:43:00.261 +03:00 [INF] User logged in: admin (admin)
2026-05-08 05:43:02.585 +03:00 [INF] Navigating to: products
2026-05-08 05:43:51.791 +03:00 [INF] Navigating to: categories
2026-05-08 05:50:10.048 +03:00 [INF] AlNeda Admin starting up
2026-05-08 05:50:10.146 +03:00 [INF] Using default database in application directory
2026-05-08 05:50:10.148 +03:00 [INF] Using database at: D:\New folder (3)\src\AlNeda.Admin\bin\Debug\net9.0-windows\pharmacy.db
2026-05-08 05:50:10.413 +03:00 [INF] Checking for database migrations...
2026-05-08 05:50:12.913 +03:00 [INF] Database initialization successful
2026-05-08 05:50:16.049 +03:00 [INF] User logged in: admin (admin)
2026-05-08 05:50:18.689 +03:00 [INF] Navigating to: categories
2026-05-08 05:50:55.837 +03:00 [INF] Navigating to: products
2026-05-08 05:51:12.351 +03:00 [INF] AlNeda Admin starting up
2026-05-08 05:51:12.437 +03:00 [INF] Using default database in application directory
2026-05-08 05:51:12.438 +03:00 [INF] Using database at: D:\New folder (3)\src\AlNeda.Admin\bin\Debug\net9.0-windows\pharmacy.db
2026-05-08 05:51:12.746 +03:00 [INF] Checking for database migrations...
2026-05-08 05:51:14.911 +03:00 [INF] Database initialization successful
2026-05-08 05:57:05.332 +03:00 [INF] AlNeda Admin starting up
2026-05-08 05:57:05.413 +03:00 [INF] Using default database in application directory
2026-05-08 05:57:05.414 +03:00 [INF] Using database at: D:\New folder (3)\src\AlNeda.Admin\bin\Debug\net9.0-windows\pharmacy.db
2026-05-08 05:57:05.702 +03:00 [INF] Checking for database migrations...
2026-05-08 05:57:08.126 +03:00 [INF] Database initialization successful
2026-05-08 05:57:23.267 +03:00 [INF] AlNeda Admin starting up
2026-05-08 05:57:23.360 +03:00 [INF] Using default database in application directory
2026-05-08 05:57:23.361 +03:00 [INF] Using database at: D:\New folder (3)\src\AlNeda.Admin\bin\Debug\net9.0-windows\pharmacy.db
2026-05-08 05:57:23.660 +03:00 [INF] Checking for database migrations...
2026-05-08 05:57:25.852 +03:00 [INF] Database initialization successful
2026-05-08 06:01:47.972 +03:00 [INF] AlNeda Admin starting up
2026-05-08 06:01:48.042 +03:00 [INF] Using default database in application directory
2026-05-08 06:01:48.044 +03:00 [INF] Using database at: D:\New folder (3)\src\AlNeda.Admin\bin\Debug\net9.0-windows\pharmacy.db
2026-05-08 06:01:48.263 +03:00 [INF] Checking for database migrations...
2026-05-08 06:01:50.292 +03:00 [INF] Database initialization successful
2026-05-08 06:02:07.907 +03:00 [WRN] Login failed: Legacy password mismatch for user 'admin'
2026-05-08 06:02:09.837 +03:00 [WRN] Login failed: Legacy password mismatch for user 'admin'
2026-05-08 06:02:09.963 +03:00 [WRN] Login failed: Legacy password mismatch for user 'admin'
2026-05-08 06:02:10.162 +03:00 [WRN] Login failed: Legacy password mismatch for user 'admin'
2026-05-08 06:02:23.841 +03:00 [WRN] Login failed: Legacy password mismatch for user 'Admin'
2026-05-08 06:02:24.241 +03:00 [WRN] Login failed: Legacy password mismatch for user 'Admin'
2026-05-08 06:02:26.385 +03:00 [WRN] Login failed: Legacy password mismatch for user 'Admin'
2026-05-08 06:02:26.609 +03:00 [WRN] Login failed: Legacy password mismatch for user 'Admin'
2026-05-08 06:02:26.802 +03:00 [WRN] Login failed: Legacy password mismatch for user 'Admin'
2026-05-08 06:02:27.016 +03:00 [WRN] Login failed: Legacy password mismatch for user 'Admin'
2026-05-08 06:02:27.249 +03:00 [WRN] Login failed: Legacy password mismatch for user 'Admin'
2026-05-08 06:04:19.620 +03:00 [INF] AlNeda Admin starting up
2026-05-08 06:04:19.698 +03:00 [INF] Using default database in application directory
2026-05-08 06:04:19.700 +03:00 [INF] Using database at: D:\New folder (3)\src\AlNeda.Admin\bin\Debug\net9.0-windows\pharmacy.db
2026-05-08 06:04:20.015 +03:00 [INF] Checking for database migrations...
2026-05-08 06:04:22.004 +03:00 [INF] Database initialization successful
2026-05-08 06:04:54.492 +03:00 [WRN] Login failed: Legacy password mismatch for user 'admin'
2026-05-08 06:04:55.410 +03:00 [WRN] Login failed: Legacy password mismatch for user 'admin'
2026-05-08 06:04:57.871 +03:00 [WRN] Login failed: Legacy password mismatch for user 'admin'
2026-05-08 06:04:58.068 +03:00 [WRN] Login failed: Legacy password mismatch for user 'admin'
2026-05-08 06:04:58.268 +03:00 [WRN] Login failed: Legacy password mismatch for user 'admin'
2026-05-08 06:04:58.461 +03:00 [WRN] Login failed: Legacy password mismatch for user 'admin'
2026-05-08 06:04:58.692 +03:00 [WRN] Login failed: Legacy password mismatch for user 'admin'
2026-05-08 06:04:58.885 +03:00 [WRN] Login failed: Legacy password mismatch for user 'admin'
2026-05-08 06:04:59.091 +03:00 [WRN] Login failed: Legacy password mismatch for user 'admin'
2026-05-08 06:04:59.296 +03:00 [WRN] Login failed: Legacy password mismatch for user 'admin'
2026-05-08 06:06:45.000 +03:00 [INF] AlNeda Admin starting up
2026-05-08 06:06:45.066 +03:00 [INF] Using default database in application directory
2026-05-08 06:06:45.067 +03:00 [INF] Using database at: D:\New folder (3)\src\AlNeda.Admin\bin\Debug\net9.0-windows\pharmacy.db
2026-05-08 06:06:45.323 +03:00 [INF] Checking for database migrations...
2026-05-08 06:06:47.546 +03:00 [INF] Database initialization successful
2026-05-08 06:06:52.054 +03:00 [WRN] Login failed: Legacy password mismatch for user 'admin'
2026-05-08 06:06:53.159 +03:00 [WRN] Login failed: Legacy password mismatch for user 'admin'
2026-05-08 06:06:53.290 +03:00 [WRN] Login failed: Legacy password mismatch for user 'admin'
2026-05-08 06:06:53.486 +03:00 [WRN] Login failed: Legacy password mismatch for user 'admin'
2026-05-08 06:06:53.694 +03:00 [WRN] Login failed: Legacy password mismatch for user 'admin'
2026-05-08 06:07:00.505 +03:00 [WRN] Login failed: Legacy password mismatch for user 'admin'
2026-05-08 06:08:43.528 +03:00 [INF] AlNeda Admin starting up
2026-05-08 06:08:43.597 +03:00 [INF] Using default database in application directory
2026-05-08 06:08:43.598 +03:00 [INF] Using database at: D:\New folder (3)\src\AlNeda.Admin\bin\Debug\net9.0-windows\pharmacy.db
2026-05-08 06:08:43.849 +03:00 [INF] Checking for database migrations...
2026-05-08 06:08:45.803 +03:00 [INF] Database initialization successful
2026-05-08 06:08:54.820 +03:00 [INF] Navigating to: settings
2026-05-08 09:09:24.121 +03:00 [INF] AlNeda Admin starting up
2026-05-08 09:09:24.259 +03:00 [INF] Using database at: Data Source=D:\New folder (3)\src\AlNeda.Admin\bin\Debug\net9.0-windows\pharmacy.db
2026-05-08 09:09:24.640 +03:00 [INF] Checking for database migrations...
2026-05-08 09:09:27.148 +03:00 [FTL] Application failed to start
System.InvalidOperationException: An error was generated for warning 'Microsoft.EntityFrameworkCore.Migrations.PendingModelChangesWarning': The model for context 'AppDbContext' has pending changes. Add a new migration before updating the database. See https://aka.ms/efcore-docs-pending-changes. This exception can be suppressed or logged by passing event ID 'RelationalEventId.PendingModelChangesWarning' to the 'ConfigureWarnings' method in 'DbContext.OnConfiguring' or 'AddDbContext'.
   at Microsoft.EntityFrameworkCore.Diagnostics.EventDefinition`1.Log[TLoggerCategory](IDiagnosticsLogger`1 logger, TParam arg)
   at Microsoft.EntityFrameworkCore.Diagnostics.RelationalLoggerExtensions.PendingModelChangesWarning(IDiagnosticsLogger`1 diagnostics, Type contextType)
   at Microsoft.EntityFrameworkCore.Migrations.Internal.Migrator.ValidateMigrations(Boolean useTransaction, String targetMigration)
   at Microsoft.EntityFrameworkCore.Migrations.Internal.Migrator.MigrateAsync(String targetMigration, CancellationToken cancellationToken)
   at AlNeda.Admin.App.OnStartup(StartupEventArgs e) in D:\New folder (3)\src\AlNeda.Admin\App.xaml.cs:line 112
   at AlNeda.Admin.App.OnStartup(StartupEventArgs e) in D:\New folder (3)\src\AlNeda.Admin\App.xaml.cs:line 135
